
[TestGenerateContext - 1]
{
 "deploy": {
  "base": {
   "image": "ghcr.io/railwayapp/railpack-runtime:latest"
  },
  "inputs": [
   {
    "step": "build"
   },
   {
    "include": [
     "."
    ],
    "step": "build"
   }
  ],
  "startCommand": "echo hello",
  "variables": {
   "HELLO": "world"
  }
 },
 "secrets": [
  "RAILWAY_SECRET_1",
  "RAILWAY_SECRET_2"
 ],
 "steps": [
  {
   "assets": {
    "mise.toml": "[tools]\n  [tools.go]\n    version = \"1.23.5\"\n  [tools.node]\n    version = \"20.18.2\"\n  [tools.python]\n    version = \"3.13.1\"\n"
   },
   "commands": [
    {
     "path": "/mise/shims"
    },
    {
     "customName": "create mise config",
     "name": "mise.toml",
     "path": "/etc/mise/config.toml"
    },
    {
     "cmd": "sh -c 'mise trust -a \u0026\u0026 mise install'",
     "customName": "install mise packages: go, node, python"
    }
   ],
   "inputs": [
    {
     "image": "ghcr.io/railwayapp/railpack-builder:latest"
    }
   ],
   "name": "packages:mise",
   "variables": {
    "MISE_CACHE_DIR": "/mise/cache",
    "MISE_CONFIG_DIR": "/mise",
    "MISE_DATA_DIR": "/mise",
    "MISE_INSTALLS_DIR": "/mise/installs",
    "MISE_SHIMS_DIR": "/mise/shims"
   }
  },
  {
   "commands": [
    {
     "cmd": "npm install"
    }
   ],
   "inputs": [
    {
     "include": [
      "/mise/shims",
      "/mise/installs",
      "/usr/local/bin/mise",
      "/etc/mise/config.toml",
      "/root/.local/state/mise"
     ],
     "step": "packages:mise"
    }
   ],
   "name": "install"
  },
  {
   "commands": [
    {
     "cmd": "sh -c 'echo building'",
     "customName": "echo building"
    }
   ],
   "inputs": [
    {
     "step": "install"
    }
   ],
   "name": "build",
   "secrets": [
    "*"
   ]
  }
 ]
}
---
