{
 "deploy": {
  "base": {
   "step": "setup"
  },
  "startCommand": "sh start.sh"
 },
 "steps": [
  {
   "commands": [
    {
     "dest": ".",
     "src": "."
    },
    {
     "cmd": "chmod +x start.sh"
    }
   ],
   "inputs": [
    {
     "image": "ghcr.io/railwayapp/railpack-runtime:latest"
    }
   ],
   "name": "setup",
   "secrets": [
    "*"
   ]
  }
 ]
}