{
 "caches": {
  "apt": {
   "directory": "/var/cache/apt",
   "type": "locked"
  },
  "apt-lists": {
   "directory": "/var/lib/apt/lists",
   "type": "locked"
  },
  "cargo_git": {
   "directory": "/root/.cargo/git",
   "type": "shared"
  },
  "cargo_registry": {
   "directory": "/root/.cargo/registry",
   "type": "shared"
  },
  "cargo_target": {
   "directory": "target",
   "type": "shared"
  }
 },
 "deploy": {
  "inputs": [
   {
    "image": "ghcr.io/railwayapp/railpack-runtime:latest"
   },
   {
    "include": [
     "/mise/shims",
     "/mise/installs",
     "/usr/local/bin/mise",
     "/etc/mise/config.toml",
     "/root/.local/state/mise"
    ],
    "step": "packages:mise"
   },
   {
    "include": [
     "/app/bin"
    ],
    "step": "build"
   }
  ],
  "startCommand": "./bin/bin1",
  "variables": {
   "ROCKET_ADDRESS": "0.0.0.0"
  }
 },
 "steps": [
  {
   "assets": {
    "mise.toml": "[mise.toml]"
   },
   "caches": [
    "apt",
    "apt-lists"
   ],
   "commands": [
    {
     "cmd": "sh -c 'apt-get update \u0026\u0026 apt-get install -y musl-tools'",
     "customName": "install apt packages: musl-tools"
    },
    {
     "path": "/mise/shims"
    },
    {
     "customName": "create mise config",
     "name": "mise.toml",
     "path": "/etc/mise/config.toml"
    },
    {
     "cmd": "sh -c 'mise trust -a \u0026\u0026 mise install'",
     "customName": "install mise packages: rust"
    }
   ],
   "inputs": [
    {
     "image": "ghcr.io/railwayapp/railpack-builder:latest"
    }
   ],
   "name": "packages:mise",
   "variables": {
    "MISE_CACHE_DIR": "/mise/cache",
    "MISE_CONFIG_DIR": "/mise",
    "MISE_DATA_DIR": "/mise",
    "MISE_INSTALLS_DIR": "/mise/installs",
    "MISE_SHIMS_DIR": "/mise/shims"
   }
  },
  {
   "commands": [
    {
     "dest": ".",
     "src": "."
    },
    {
     "cmd": "mkdir -p bin"
    },
    {
     "cmd": "rustup target add x86_64-unknown-linux-musl"
    },
    {
     "cmd": "cargo build --release --target x86_64-unknown-linux-musl"
    },
    {
     "cmd": "cp target/x86_64-unknown-linux-musl/release/rust-multiple-bins bin"
    },
    {
     "cmd": "cp target/x86_64-unknown-linux-musl/release/bin1 bin"
    },
    {
     "cmd": "cp target/x86_64-unknown-linux-musl/release/bin2 bin"
    }
   ],
   "inputs": [
    {
     "step": "packages:mise"
    }
   ],
   "name": "build",
   "secrets": [
    "*"
   ]
  }
 ]
}