{
 "caches": {
  "pip": {
   "directory": "/opt/pip-cache",
   "type": "shared"
  }
 },
 "deploy": {
  "base": {
   "image": "ghcr.io/railwayapp/railpack-runtime:latest"
  },
  "inputs": [
   {
    "include": [
     "/mise/shims",
     "/mise/installs",
     "/usr/local/bin/mise",
     "/etc/mise/config.toml",
     "/root/.local/state/mise"
    ],
    "step": "packages:mise"
   },
   {
    "include": [
     "/app/.venv"
    ],
    "step": "build"
   },
   {
    "exclude": [
     ".venv"
    ],
    "include": [
     "."
    ],
    "step": "build"
   }
  ],
  "startCommand": "uvicorn main:app --host 0.0.0.0 --port ${PORT:-8000}",
  "variables": {
   "PIP_DEFAULT_TIMEOUT": "100",
   "PIP_DISABLE_PIP_VERSION_CHECK": "1",
   "PYTHONDONTWRITEBYTECODE": "1",
   "PYTHONFAULTHANDLER": "1",
   "PYTHONHASHSEED": "random",
   "PYTHONUNBUFFERED": "1"
  }
 },
 "steps": [
  {
   "assets": {
    "mise.toml": "[mise.toml]"
   },
   "commands": [
    {
     "path": "/mise/shims"
    },
    {
     "customName": "create mise config",
     "name": "mise.toml",
     "path": "/etc/mise/config.toml"
    },
    {
     "cmd": "sh -c 'mise trust -a \u0026\u0026 mise install'",
     "customName": "install mise packages: python"
    }
   ],
   "inputs": [
    {
     "image": "ghcr.io/railwayapp/railpack-builder:latest"
    }
   ],
   "name": "packages:mise",
   "variables": {
    "MISE_CACHE_DIR": "/mise/cache",
    "MISE_CONFIG_DIR": "/mise",
    "MISE_DATA_DIR": "/mise",
    "MISE_INSTALLS_DIR": "/mise/installs",
    "MISE_NODE_VERIFY": "false",
    "MISE_SHIMS_DIR": "/mise/shims"
   }
  },
  {
   "caches": [
    "pip"
   ],
   "commands": [
    {
     "cmd": "python -m venv /app/.venv"
    },
    {
     "path": "/app/.venv/bin"
    },
    {
     "dest": "requirements.txt",
     "src": "requirements.txt"
    },
    {
     "cmd": "pip install -r requirements.txt"
    }
   ],
   "inputs": [
    {
     "step": "packages:mise"
    }
   ],
   "name": "install",
   "variables": {
    "PIP_CACHE_DIR": "/opt/pip-cache",
    "PIP_DEFAULT_TIMEOUT": "100",
    "PIP_DISABLE_PIP_VERSION_CHECK": "1",
    "PYTHONDONTWRITEBYTECODE": "1",
    "PYTHONFAULTHANDLER": "1",
    "PYTHONHASHSEED": "random",
    "PYTHONUNBUFFERED": "1",
    "VIRTUAL_ENV": "/app/.venv"
   }
  },
  {
   "inputs": [
    {
     "step": "install"
    },
    {
     "include": [
      "."
     ],
     "local": true
    }
   ],
   "name": "build",
   "secrets": [
    "*"
   ]
  }
 ]
}